2023-01-07 15:29:09,722 - INFO - 17 of 100
2023-01-07 15:29:09,722 - INFO - 17.0%
2023-01-07 15:29:09,722 - INFO - 0.3504946906258117
2023-01-07 15:29:29,100 - INFO - 23 of 100
2023-01-07 15:29:29,100 - INFO - 23.0%
2023-01-07 15:29:29,100 - INFO - 0.16784892739130386
2023-01-07 15:31:51,080 - INFO - 14 of 100
2023-01-07 15:31:51,080 - INFO - 14.000000000000002%
2023-01-07 15:31:51,080 - INFO - 0.10547401428571392
2023-01-07 15:38:32,303 - INFO - 23 of 100
2023-01-07 15:38:32,304 - INFO - 23.0%
2023-01-07 15:38:32,304 - INFO - 0.16784892739130386
2023-01-07 15:38:56,896 - INFO - 17 of 100
2023-01-07 15:38:56,896 - INFO - 17.0%
2023-01-07 15:38:56,897 - INFO - 0.3504946906258117
2023-01-07 15:46:32,201 - INFO - 7 of 100
2023-01-07 15:46:32,202 - INFO - 7.000000000000001%
2023-01-07 15:46:32,202 - INFO - 0.2002808995214929
2023-01-07 15:47:02,652 - INFO - 2 of 100
2023-01-07 15:47:02,652 - INFO - 2.0%
2023-01-07 15:47:02,652 - INFO - 0.10159547022536164
2023-01-07 15:48:46,392 - INFO - 100 of 100
2023-01-07 15:48:46,393 - INFO - 100.0%
2023-01-07 15:48:46,393 - INFO - 1.2589362581132313
2023-01-07 15:53:37,408 - INFO - 100 of 100
2023-01-07 15:53:37,409 - INFO - 100.0%
2023-01-07 15:53:37,409 - INFO - 1.2589362581132313
2023-01-07 15:54:56,454 - INFO - 100 of 100
2023-01-07 15:54:56,454 - INFO - 100.0%
2023-01-07 15:54:56,455 - INFO - 1.2589362581132313
2023-01-07 15:55:18,101 - INFO - 100 of 100
2023-01-07 15:55:18,102 - INFO - 100.0%
2023-01-07 15:55:18,102 - INFO - 1.2589362581132313
2023-01-07 15:56:56,181 - INFO - 100 of 100
2023-01-07 15:56:56,181 - INFO - 100.0%
2023-01-07 15:56:56,181 - INFO - 1.2589362581132313
2023-01-07 15:59:13,406 - INFO - 100 of 100
2023-01-07 15:59:13,407 - INFO - 100.0%
2023-01-07 15:59:13,407 - INFO - 1.2589362581132313
2023-01-07 16:00:23,061 - INFO - 100 of 100
2023-01-07 16:00:23,062 - INFO - 100.0%
2023-01-07 16:00:23,062 - INFO - 1.2589362581132313
2023-01-07 16:01:21,041 - INFO - 100 of 100
2023-01-07 16:01:21,041 - INFO - 100.0%
2023-01-07 16:01:21,041 - INFO - 1.2589362581132313
2023-01-07 16:05:08,388 - INFO - 100 of 100
2023-01-07 16:05:08,389 - INFO - 100.0%
2023-01-07 16:05:08,389 - INFO - 1.2589362581132313
2023-01-07 16:09:51,524 - INFO - 17 of 100
2023-01-07 16:09:51,524 - INFO - 17.0%
2023-01-07 16:09:51,525 - INFO - 0.3504946906258117
2023-01-07 16:10:07,853 - INFO - 100 of 100
2023-01-07 16:10:07,853 - INFO - 100.0%
2023-01-07 16:10:07,853 - INFO - 1.2589362581132313
2023-01-08 17:48:41,870 - INFO - 100 of 100
2023-01-08 17:48:41,871 - INFO - 100.0%
2023-01-08 17:48:41,871 - INFO - 1.2589362581132313
2023-01-08 21:10:26,992 - INFO - Train Data Shape: (400, 6)
2023-01-08 21:10:26,993 - INFO - Ideal Data Shape: (400, 52)
2023-01-08 21:10:26,993 - INFO - Test Data Shape: (100, 3)
2023-01-08 21:10:26,993 - INFO - Validated Data - Hits: 17 of 100
2023-01-08 21:10:26,993 - INFO - Validated Data - HitRate: 17.0%
2023-01-08 21:10:26,993 - INFO - Validated Data - Mean: 0.3504946906258117
2023-01-11 16:29:09,968 - INFO - Train Data Shape: (400, 6)
2023-01-11 16:29:09,968 - INFO - Ideal Data Shape: (400, 52)
2023-01-11 16:29:09,968 - INFO - Test Data Shape: (100, 3)
2023-01-11 16:29:09,968 - INFO - Validated Data - Hits: 85 of 100
2023-01-11 16:29:09,968 - INFO - Validated Data - HitRate: 85.0%
2023-01-11 16:29:09,968 - INFO - Validated Data - Mean: 0.7541934631635473
